# lab-05 nccl arm B run 01
# start_utc: 2026-10-04T12:06:15Z
# hostname: computeinstance-e00v4ebypnt9kkmq2y
# mask: CUDA_VISIBLE_DEVICES=0,2  ngpus: 2  nccl_p2p_level: <default>  host: unbound
# command: /home/baseline/gputopo-tools/nccl-tests/build/all_reduce_perf -b 8 -e 256M -f 2 -g 2
# cuda_device_order: PCI_BUS_ID
# host_state: load1,procs_running,cpu_mhz_min,cpu_mhz_max = 0.84,2,3095,3095

# nccl-tests version 2.19.7 nccl-headers=23102 nccl-library=23102
# Collective test starting: all_reduce_perf
# nThread 1 nGpus 2 minBytes 8 maxBytes 268435456 step: 2(factor) warmup iters: 1 iters: 20 agg iters: 1 validation: 1 graph: 0 unalign: 0
#
# Using devices
#  Rank  0 Group  0 Pid  24460 on computeinstance-e00v4ebypnt9kkmq2y device  0 [0000:8d:00] NVIDIA L40S
#  Rank  1 Group  0 Pid  24460 on computeinstance-e00v4ebypnt9kkmq2y device  1 [0000:ab:00] NVIDIA L40S
computeinstance-e00v4ebypnt9kkmq2y:24460:24460 [0] NCCL INFO ENV/Plugin: Could not find: libnccl-env.so
computeinstance-e00v4ebypnt9kkmq2y:24460:24460 [0] NCCL INFO Bootstrap: Using eth0:10.0.0.14<0>
computeinstance-e00v4ebypnt9kkmq2y:24460:24474 [0] NCCL INFO Socket handshake magic 0x564ab9f2fc4b9d6c (built-in default)
computeinstance-e00v4ebypnt9kkmq2y:24460:24460 [0] NCCL INFO cudaDriverVersion 13000
computeinstance-e00v4ebypnt9kkmq2y:24460:24460 [0] NCCL INFO NCCL version 2.31.2+cuda13.0
computeinstance-e00v4ebypnt9kkmq2y:24460:24460 [0] NCCL INFO NCCL git version HEAD 7b83616
computeinstance-e00v4ebypnt9kkmq2y:24460:24460 [0] NCCL INFO Comm config nvlinkCentricSched set to 1
computeinstance-e00v4ebypnt9kkmq2y:24460:24460 [1] NCCL INFO Comm config nvlinkCentricSched set to 1
computeinstance-e00v4ebypnt9kkmq2y:24460:24477 [0] NCCL INFO NET/Plugin: Could not find: libnccl-net.so
computeinstance-e00v4ebypnt9kkmq2y:24460:24477 [0] NCCL INFO NET/IB : No device found.
computeinstance-e00v4ebypnt9kkmq2y:24460:24477 [0] NCCL INFO NET/IB : Using [RO]; OOB eth0:10.0.0.14<0>
computeinstance-e00v4ebypnt9kkmq2y:24460:24477 [0] NCCL INFO Failed to initialize NET plugin IB
computeinstance-e00v4ebypnt9kkmq2y:24460:24477 [0] NCCL INFO NET/Socket : Using [0]eth0:10.0.0.14<0>
computeinstance-e00v4ebypnt9kkmq2y:24460:24477 [0] NCCL INFO Initialized NET plugin Socket
computeinstance-e00v4ebypnt9kkmq2y:24460:24477 [0] NCCL INFO Assigned NET plugin Socket to comm
computeinstance-e00v4ebypnt9kkmq2y:24460:24478 [1] NCCL INFO Initialized NET plugin Socket
computeinstance-e00v4ebypnt9kkmq2y:24460:24477 [0] NCCL INFO RMA/Plugin: Could not find: libnccl-rma.so
computeinstance-e00v4ebypnt9kkmq2y:24460:24477 [0] NCCL INFO RMA/Plugin: Failed to initialize any plugin
computeinstance-e00v4ebypnt9kkmq2y:24460:24478 [1] NCCL INFO Assigned NET plugin Socket to comm
computeinstance-e00v4ebypnt9kkmq2y:24460:24478 [1] NCCL INFO RMA/Plugin: Failed to initialize any plugin
computeinstance-e00v4ebypnt9kkmq2y:24460:24477 [0] NCCL INFO GIN/Plugin: Could not find: libnccl-gin.so
computeinstance-e00v4ebypnt9kkmq2y:24460:24477 [0] NCCL INFO GIN/Plugin: Failed to initialize any GIN plugin
computeinstance-e00v4ebypnt9kkmq2y:24460:24477 [0] NCCL INFO Using network Socket
computeinstance-e00v4ebypnt9kkmq2y:24460:24478 [1] NCCL INFO GIN/Plugin: Failed to initialize any GIN plugin
computeinstance-e00v4ebypnt9kkmq2y:24460:24478 [1] NCCL INFO Using network Socket
computeinstance-e00v4ebypnt9kkmq2y:24460:24477 [0] NCCL INFO Loaded NVML from libnvidia-ml.so.1
computeinstance-e00v4ebypnt9kkmq2y:24460:24477 [0] NCCL INFO [Rank 0] ncclCommInitRankConfig comm 0x5565483416d0 rank 0 nranks 2 cudaDev 0 nvmlDev 0 busId 8d000 commId 0x5748bcddf93c7079 - Init START
computeinstance-e00v4ebypnt9kkmq2y:24460:24478 [1] NCCL INFO [Rank 1] ncclCommInitRankConfig comm 0x5565484678b0 rank 1 nranks 2 cudaDev 1 nvmlDev 2 busId ab000 commId 0x5748bcddf93c7079 - Init START
computeinstance-e00v4ebypnt9kkmq2y:24460:24477 [0] NCCL INFO RAS client listening socket at 127.0.0.1<28028>
computeinstance-e00v4ebypnt9kkmq2y:24460:24477 [0] NCCL INFO Bootstrap timings total 0.000903 (create 0.000043, send 0.000178, recv 0.000152, ring 0.000051, delay 0.000001)
computeinstance-e00v4ebypnt9kkmq2y:24460:24478 [1] NCCL INFO Bootstrap timings total 0.000844 (create 0.000049, send 0.000141, recv 0.000181, ring 0.000040, delay 0.000000)
computeinstance-e00v4ebypnt9kkmq2y:24460:24477 [0] NCCL INFO ncclTopoGetCpuAffinity: Affinity for GPU 0 is 0-63. (GPU affinity = 0-63 ; CPU affinity = 0-127).
computeinstance-e00v4ebypnt9kkmq2y:24460:24477 [0] NCCL INFO NVLS multicast support is not available on dev 0
computeinstance-e00v4ebypnt9kkmq2y:24460:24478 [1] NCCL INFO ncclTopoGetCpuAffinity: Affinity for GPU 2 is 64-127. (GPU affinity = 64-127 ; CPU affinity = 0-127).
computeinstance-e00v4ebypnt9kkmq2y:24460:24478 [1] NCCL INFO NVLS multicast support is not available on dev 1
computeinstance-e00v4ebypnt9kkmq2y:24460:24477 [0] NCCL INFO Rank 0: 1 Net devices
computeinstance-e00v4ebypnt9kkmq2y:24460:24477 [0] NCCL INFO Rank 0: 0 CollNet devices
computeinstance-e00v4ebypnt9kkmq2y:24460:24478 [1] NCCL INFO Rank 1: 1 Net devices
computeinstance-e00v4ebypnt9kkmq2y:24460:24478 [1] NCCL INFO Rank 1: 0 CollNet devices
computeinstance-e00v4ebypnt9kkmq2y:24460:24478 [1] NCCL INFO comm 0x5565484678b0 rank 1 nRanks 2 nNodes 1 localRanks 2 localRank 1 MNNVL 0
computeinstance-e00v4ebypnt9kkmq2y:24460:24478 [1] NCCL INFO Trees [0] -1/-1/-1->1->0 [1] -1/-1/-1->1->0 [2] -1/-1/-1->1->0 [3] -1/-1/-1->1->0
computeinstance-e00v4ebypnt9kkmq2y:24460:24478 [1] NCCL INFO P2P Chunksize set to 131072
computeinstance-e00v4ebypnt9kkmq2y:24460:24477 [0] NCCL INFO Local Net device counts across ranks: min 1 max 1
computeinstance-e00v4ebypnt9kkmq2y:24460:24477 [0] NCCL INFO Local CollNet device counts across ranks: min 0 max 0
computeinstance-e00v4ebypnt9kkmq2y:24460:24477 [0] NCCL INFO comm 0x5565483416d0 rank 0 nRanks 2 nNodes 1 localRanks 2 localRank 0 MNNVL 0
computeinstance-e00v4ebypnt9kkmq2y:24460:24477 [0] NCCL INFO Channel 00/04 : 0 1
computeinstance-e00v4ebypnt9kkmq2y:24460:24477 [0] NCCL INFO Channel 01/04 : 0 1
computeinstance-e00v4ebypnt9kkmq2y:24460:24477 [0] NCCL INFO Channel 02/04 : 0 1
computeinstance-e00v4ebypnt9kkmq2y:24460:24477 [0] NCCL INFO Channel 03/04 : 0 1
computeinstance-e00v4ebypnt9kkmq2y:24460:24477 [0] NCCL INFO Trees [0] 1/-1/-1->0->-1 [1] 1/-1/-1->0->-1 [2] 1/-1/-1->0->-1 [3] 1/-1/-1->0->-1
computeinstance-e00v4ebypnt9kkmq2y:24460:24477 [0] NCCL INFO P2P Chunksize set to 131072
computeinstance-e00v4ebypnt9kkmq2y:24460:24478 [1] NCCL INFO PROFILER/Plugin: Could not find: libnccl-profiler.so
computeinstance-e00v4ebypnt9kkmq2y:24460:24478 [1] NCCL INFO Check P2P Type isAllDirectP2p 1 directMode 1 isAllCudaP2p 1
computeinstance-e00v4ebypnt9kkmq2y:24460:24480 [0] NCCL INFO [Proxy Service] Device 1 CPU core 82
computeinstance-e00v4ebypnt9kkmq2y:24460:24480 [1] NCCL INFO proxy listening socket at 10.0.0.14<54011>
computeinstance-e00v4ebypnt9kkmq2y:24460:24477 [0] NCCL INFO PROFILER/Plugin: Could not find: libnccl-profiler.so
computeinstance-e00v4ebypnt9kkmq2y:24460:24477 [0] NCCL INFO Check P2P Type isAllDirectP2p 1 directMode 1 isAllCudaP2p 1
computeinstance-e00v4ebypnt9kkmq2y:24460:24481 [0] NCCL INFO [Proxy Service UDS] Device 1 CPU core 84
computeinstance-e00v4ebypnt9kkmq2y:24460:24482 [0] NCCL INFO [Proxy Service] Device 0 CPU core 8
computeinstance-e00v4ebypnt9kkmq2y:24460:24482 [0] NCCL INFO proxy listening socket at 10.0.0.14<42899>
computeinstance-e00v4ebypnt9kkmq2y:24460:24483 [0] NCCL INFO [Proxy Service UDS] Device 0 CPU core 10
computeinstance-e00v4ebypnt9kkmq2y:24460:24478 [1] NCCL INFO TUNER/Plugin: Could not find: libnccl-tuner.so
computeinstance-e00v4ebypnt9kkmq2y:24460:24478 [1] NCCL INFO threadThresholds 8/8/64 | 16/8/64 | 512 | 512
computeinstance-e00v4ebypnt9kkmq2y:24460:24478 [1] NCCL INFO 4 coll channels, 4 collnet channels, 0 nvls channels, 4 p2p channels, 2 p2p channels per peer
computeinstance-e00v4ebypnt9kkmq2y:24460:24478 [1] NCCL INFO symmetricSupport 1, cuMemEnable 1, globalGinSupport 0, cuMemGdrSupport 1, contiguousRanksPerHost 2, crossNicSupport 1
computeinstance-e00v4ebypnt9kkmq2y:24460:24477 [0] NCCL INFO threadThresholds 8/8/64 | 16/8/64 | 512 | 512
computeinstance-e00v4ebypnt9kkmq2y:24460:24477 [0] NCCL INFO 4 coll channels, 4 collnet channels, 0 nvls channels, 4 p2p channels, 2 p2p channels per peer
computeinstance-e00v4ebypnt9kkmq2y:24460:24477 [0] NCCL INFO symmetricSupport 1, cuMemEnable 1, globalGinSupport 0, cuMemGdrSupport 1, contiguousRanksPerHost 2, crossNicSupport 1
computeinstance-e00v4ebypnt9kkmq2y:24460:24477 [0] NCCL INFO CC Off, workFifoBytes 1048576
computeinstance-e00v4ebypnt9kkmq2y:24460:24478 [1] NCCL INFO ncclCommInitRankConfig comm 0x5565484678b0 rank 1 nranks 2 cudaDev 1 nvmlDev 2 busId ab000 commId 0x5748bcddf93c7079 - Init COMPLETE
computeinstance-e00v4ebypnt9kkmq2y:24460:24478 [1] NCCL INFO Init timings - ncclCommInitRankConfig: rank 1 nranks 2 total 0.30 (kernels 0.25, alloc 0.04, bootstrap 0.00, allgathers 0.00, topo 0.01, graphs 0.00, connections 0.00, rest 0.00)
computeinstance-e00v4ebypnt9kkmq2y:24460:24477 [0] NCCL INFO ncclCommInitRankConfig comm 0x5565483416d0 rank 0 nranks 2 cudaDev 0 nvmlDev 0 busId 8d000 commId 0x5748bcddf93c7079 - Init COMPLETE
computeinstance-e00v4ebypnt9kkmq2y:24460:24477 [0] NCCL INFO Init timings - ncclCommInitRankConfig: rank 0 nranks 2 total 0.30 (kernels 0.25, alloc 0.04, bootstrap 0.00, allgathers 0.00, topo 0.01, graphs 0.00, connections 0.00, rest 0.00)
#
#                                                              out-of-place                       in-place          
#       size         count      type   redop    root     time   algbw   busbw  #wrong     time   algbw   busbw  #wrong 
#        (B)    (elements)                               (us)  (GB/s)  (GB/s)             (us)  (GB/s)  (GB/s)         
computeinstance-e00v4ebypnt9kkmq2y:24460:24460 [1] NCCL INFO Symmetric VA size=48GB
computeinstance-e00v4ebypnt9kkmq2y:24460:24460 [0] NCCL INFO Symmetric VA size=48GB
computeinstance-e00v4ebypnt9kkmq2y:24460:24484 [1] NCCL INFO Channel 00/0 : 1[2] -> 0[0] via P2P/direct pointer
computeinstance-e00v4ebypnt9kkmq2y:24460:24485 [0] NCCL INFO Channel 00/0 : 0[0] -> 1[2] via P2P/direct pointer
computeinstance-e00v4ebypnt9kkmq2y:24460:24484 [1] NCCL INFO Channel 01/0 : 1[2] -> 0[0] via P2P/direct pointer
computeinstance-e00v4ebypnt9kkmq2y:24460:24485 [0] NCCL INFO Channel 01/0 : 0[0] -> 1[2] via P2P/direct pointer
computeinstance-e00v4ebypnt9kkmq2y:24460:24484 [1] NCCL INFO Channel 02/0 : 1[2] -> 0[0] via P2P/direct pointer
computeinstance-e00v4ebypnt9kkmq2y:24460:24485 [0] NCCL INFO Channel 02/0 : 0[0] -> 1[2] via P2P/direct pointer
computeinstance-e00v4ebypnt9kkmq2y:24460:24484 [1] NCCL INFO Channel 03/0 : 1[2] -> 0[0] via P2P/direct pointer
computeinstance-e00v4ebypnt9kkmq2y:24460:24485 [0] NCCL INFO Channel 03/0 : 0[0] -> 1[2] via P2P/direct pointer
computeinstance-e00v4ebypnt9kkmq2y:24460:24485 [0] NCCL INFO Connected all rings, use ring PXN 0 GDR 1
computeinstance-e00v4ebypnt9kkmq2y:24460:24484 [1] NCCL INFO Connected all rings, use ring PXN 0 GDR 1
           8             2     float     sum      -1     9.88    0.00    0.00       0     9.82    0.00    0.00       0
          16             4     float     sum      -1    10.62    0.00    0.00       0    10.02    0.00    0.00       0
          32             8     float     sum      -1     9.97    0.00    0.00       0     9.64    0.00    0.00       0
          64            16     float     sum      -1     9.89    0.01    0.01       0     9.71    0.01    0.01       0
         128            32     float     sum      -1     9.79    0.01    0.01       0    10.01    0.01    0.01       0
         256            64     float     sum      -1     9.80    0.03    0.03       0     9.92    0.03    0.03       0
         512           128     float     sum      -1    10.06    0.05    0.05       0    10.54    0.05    0.05       0
        1024           256     float     sum      -1     9.81    0.10    0.10       0    11.00    0.09    0.09       0
        2048           512     float     sum      -1     9.90    0.21    0.21       0    11.14    0.18    0.18       0
        4096          1024     float     sum      -1    10.02    0.41    0.41       0    10.11    0.41    0.41       0
        8192          2048     float     sum      -1     9.90    0.83    0.83       0    11.15    0.73    0.73       0
       16384          4096     float     sum      -1    10.55    1.55    1.55       0     9.95    1.65    1.65       0
       32768          8192     float     sum      -1    11.19    2.93    2.93       0    11.01    2.98    2.98       0
       65536         16384     float     sum      -1    14.26    4.60    4.60       0    14.11    4.64    4.64       0
      131072         32768     float     sum      -1    20.16    6.50    6.50       0    20.20    6.49    6.49       0
      262144         65536     float     sum      -1    32.12    8.16    8.16       0    32.07    8.17    8.17       0
      524288        131072     float     sum      -1    53.93    9.72    9.72       0    51.14   10.25   10.25       0
     1048576        262144     float     sum      -1    75.38   13.91   13.91       0    75.36   13.91   13.91       0
     2097152        524288     float     sum      -1   119.68   17.52   17.52       0   120.57   17.39   17.39       0
     4194304       1048576     float     sum      -1   219.39   19.12   19.12       0   212.58   19.73   19.73       0
     8388608       2097152     float     sum      -1   413.91   20.27   20.27       0   414.73   20.23   20.23       0
    16777216       4194304     float     sum      -1   816.29   20.55   20.55       0   816.70   20.54   20.54       0
    33554432       8388608     float     sum      -1  1611.03   20.83   20.83       0  1606.64   20.88   20.88       0
    67108864      16777216     float     sum      -1  3208.84   20.91   20.91       0  3210.02   20.91   20.91       0
   134217728      33554432     float     sum      -1  6456.52   20.79   20.79       0  6391.27   21.00   21.00       0
   268435456      67108864     float     sum      -1  12795.8   20.98   20.98       0  12752.3   21.05   21.05       0
# Out of bounds values : 0 OK
# Avg bus bandwidth    : 8.10264 
#
# Collective test concluded: all_reduce_perf
#

